###############################################################################
#
# IAR ELF Linker V7.30.4.8167/W32 for ARM                 02/May/2016  18:47:52
# Copyright 2007-2014 IAR Systems AB.
#
#    Output file  =  
#        D:\Projectsrc\cube_152\iar\l152\EWARM\l152 Configuration\Exe\l152
#        Configuration.out
#    Map file     =  
#        D:\Projectsrc\cube_152\iar\l152\EWARM\l152 Configuration/List\l152
#        Configuration.map
#    Command line =  
#        "D:\Projectsrc\cube_152\iar\l152\EWARM\l152
#        Configuration\Obj\cmsis_os.o"
#        "D:\Projectsrc\cube_152\iar\l152\EWARM\l152
#        Configuration\Obj\croutine.o"
#        "D:\Projectsrc\cube_152\iar\l152\EWARM\l152
#        Configuration\Obj\event_groups.o"
#        "D:\Projectsrc\cube_152\iar\l152\EWARM\l152
#        Configuration\Obj\freertos.o"
#        "D:\Projectsrc\cube_152\iar\l152\EWARM\l152
#        Configuration\Obj\heap_4.o"
#        "D:\Projectsrc\cube_152\iar\l152\EWARM\l152 Configuration\Obj\list.o"
#        "D:\Projectsrc\cube_152\iar\l152\EWARM\l152 Configuration\Obj\main.o"
#        "D:\Projectsrc\cube_152\iar\l152\EWARM\l152 Configuration\Obj\port.o"
#        "D:\Projectsrc\cube_152\iar\l152\EWARM\l152
#        Configuration\Obj\portasm.o"
#        "D:\Projectsrc\cube_152\iar\l152\EWARM\l152 Configuration\Obj\queue.o"
#        "D:\Projectsrc\cube_152\iar\l152\EWARM\l152
#        Configuration\Obj\startup_stm32l152xb.o"
#        "D:\Projectsrc\cube_152\iar\l152\EWARM\l152
#        Configuration\Obj\stm32l1xx_hal.o"
#        "D:\Projectsrc\cube_152\iar\l152\EWARM\l152
#        Configuration\Obj\stm32l1xx_hal_adc.o"
#        "D:\Projectsrc\cube_152\iar\l152\EWARM\l152
#        Configuration\Obj\stm32l1xx_hal_adc_ex.o"
#        "D:\Projectsrc\cube_152\iar\l152\EWARM\l152
#        Configuration\Obj\stm32l1xx_hal_cortex.o"
#        "D:\Projectsrc\cube_152\iar\l152\EWARM\l152
#        Configuration\Obj\stm32l1xx_hal_dac.o"
#        "D:\Projectsrc\cube_152\iar\l152\EWARM\l152
#        Configuration\Obj\stm32l1xx_hal_dac_ex.o"
#        "D:\Projectsrc\cube_152\iar\l152\EWARM\l152
#        Configuration\Obj\stm32l1xx_hal_dma.o"
#        "D:\Projectsrc\cube_152\iar\l152\EWARM\l152
#        Configuration\Obj\stm32l1xx_hal_flash.o"
#        "D:\Projectsrc\cube_152\iar\l152\EWARM\l152
#        Configuration\Obj\stm32l1xx_hal_flash_ex.o"
#        "D:\Projectsrc\cube_152\iar\l152\EWARM\l152
#        Configuration\Obj\stm32l1xx_hal_flash_ramfunc.o"
#        "D:\Projectsrc\cube_152\iar\l152\EWARM\l152
#        Configuration\Obj\stm32l1xx_hal_gpio.o"
#        "D:\Projectsrc\cube_152\iar\l152\EWARM\l152
#        Configuration\Obj\stm32l1xx_hal_msp.o"
#        "D:\Projectsrc\cube_152\iar\l152\EWARM\l152
#        Configuration\Obj\stm32l1xx_hal_pwr.o"
#        "D:\Projectsrc\cube_152\iar\l152\EWARM\l152
#        Configuration\Obj\stm32l1xx_hal_pwr_ex.o"
#        "D:\Projectsrc\cube_152\iar\l152\EWARM\l152
#        Configuration\Obj\stm32l1xx_hal_rcc.o"
#        "D:\Projectsrc\cube_152\iar\l152\EWARM\l152
#        Configuration\Obj\stm32l1xx_hal_rcc_ex.o"
#        "D:\Projectsrc\cube_152\iar\l152\EWARM\l152
#        Configuration\Obj\stm32l1xx_hal_spi.o"
#        "D:\Projectsrc\cube_152\iar\l152\EWARM\l152
#        Configuration\Obj\stm32l1xx_hal_spi_ex.o"
#        "D:\Projectsrc\cube_152\iar\l152\EWARM\l152
#        Configuration\Obj\stm32l1xx_hal_tim.o"
#        "D:\Projectsrc\cube_152\iar\l152\EWARM\l152
#        Configuration\Obj\stm32l1xx_hal_tim_ex.o"
#        "D:\Projectsrc\cube_152\iar\l152\EWARM\l152
#        Configuration\Obj\stm32l1xx_hal_uart.o"
#        "D:\Projectsrc\cube_152\iar\l152\EWARM\l152
#        Configuration\Obj\stm32l1xx_it.o"
#        "D:\Projectsrc\cube_152\iar\l152\EWARM\l152
#        Configuration\Obj\system_stm32l1xx.o"
#        "D:\Projectsrc\cube_152\iar\l152\EWARM\l152 Configuration\Obj\tasks.o"
#        "D:\Projectsrc\cube_152\iar\l152\EWARM\l152
#        Configuration\Obj\timers.o"
#        "D:\Projectsrc\cube_152\iar\l152\EWARM\l152
#        Configuration\Obj\vv_clksrc.o"
#        "D:\Projectsrc\cube_152\iar\l152\EWARM\l152
#        Configuration\Obj\vv_config.o"
#        "D:\Projectsrc\cube_152\iar\l152\EWARM\l152
#        Configuration\Obj\vv_dbg.o"
#        "D:\Projectsrc\cube_152\iar\l152\EWARM\l152
#        Configuration\Obj\vv_dds.o"
#        "D:\Projectsrc\cube_152\iar\l152\EWARM\l152
#        Configuration\Obj\vv_ezat.o"
#        "D:\Projectsrc\cube_152\iar\l152\EWARM\l152
#        Configuration\Obj\vv_ezat_cmd_function.o"
#        "D:\Projectsrc\cube_152\iar\l152\EWARM\l152
#        Configuration\Obj\vv_filter.o"
#        "D:\Projectsrc\cube_152\iar\l152\EWARM\l152
#        Configuration\Obj\vv_freq.o"
#        "D:\Projectsrc\cube_152\iar\l152\EWARM\l152 Configuration\Obj\vv_pa.o"
#        "D:\Projectsrc\cube_152\iar\l152\EWARM\l152
#        Configuration\Obj\vv_pll.o"
#        "D:\Projectsrc\cube_152\iar\l152\EWARM\l152
#        Configuration\Obj\vv_pwr.o" --redirect _Printf=_PrintfFull --redirect
#        _Scanf=_ScanfFull -o "D:\Projectsrc\cube_152\iar\l152\EWARM\l152
#        Configuration\Exe\l152 Configuration.out" --map
#        "D:\Projectsrc\cube_152\iar\l152\EWARM\l152 Configuration/List\l152
#        Configuration.map" --config
#        D:\Projectsrc\cube_152\iar\l152\EWARM/stm32l152xb_flash.icf
#        --semihosting --entry __iar_program_start --vfe
#
###############################################################################

*******************************************************************************
*** RUNTIME MODEL ATTRIBUTES
***

CppFlavor                     = *
__Heap_Handler                = Basic
__SystemLibrary               = DLib
__dlib_dynamic_initialization = normal


*******************************************************************************
*** PLACEMENT SUMMARY
***

"A1":  place at 0x08000000 { ro section .intvec };
"P1":  place in [from 0x08000000 to 0x0801ffff] { ro };
"P2":  place in [from 0x20000000 to 0x20003fff] { rw, block CSTACK, block HEAP };

  Section             Kind        Address    Size  Object
  -------             ----        -------    ----  ------
"A1":                                        0xf4
  .intvec             ro code  0x08000000    0xf4  startup_stm32l152xb.o [1]
                             - 0x080000f4    0xf4

"P1":                                      0x8232
  .text               ro code  0x080000f4  0x114e  xprintffull.o [3]
  .text               ro code  0x08001242    0x20  xmbtowc.o [3]
  .text               ro code  0x08001262    0x22  zero_init3.o [5]
  .text               ro code  0x08001284    0x16  strchr.o [5]
  .text               ro code  0x0800129a     0xa  xsprout.o [3]
  .text               ro code  0x080012a4    0x36  strlen.o [5]
  .text               ro code  0x080012dc    0x58  memchr.o [5]
  .text               ro code  0x08001334     0xa  xmbcurmax.o [3]
  .text               ro code  0x08001340    0xb0  xxmemxmalloc.o [3]
  .text               ro code  0x080013f0    0x1a  xwctomb.o [3]
  .text               ro code  0x0800140c    0x76  ABImemcpy_unaligned.o [5]
  .text               ro code  0x08001484    0x80  xxmemxfree.o [3]
  .text               ro code  0x08001504    0xee  I64DivMod.o [5]
  .text               ro code  0x080015f2    0x42  xdnorm.o [4]
  .text               ro code  0x08001634    0x2e  DblCmpLe.o [4]
  .text               ro code  0x08001664    0x2e  DblCmpGe.o [4]
  .text               ro code  0x08001694   0x110  xdscale.o [4]
  .text               ro code  0x080017a4    0x58  DblToI32.o [4]
  .text               ro code  0x080017fc    0x30  I32ToDbl.o [4]
  .text               ro code  0x0800182c   0x180  DblSub.o [4]
  .text               ro code  0x080019ac   0x1a2  DblMul.o [4]
  .text               ro code  0x08001b50   0x246  DblDiv.o [4]
  .text               ro code  0x08001d98    0x6c  localeconv.o [3]
  .text               ro code  0x08001e04     0xe  div.o [3]
  .text               ro code  0x08001e14    0x14  setlocale.o [3]
  .text               ro code  0x08001e28    0x60  xencoding_sb.o [3]
  .text               ro code  0x08001e88    0x2c  xgetmemchunk.o [3]
  .text               ro code  0x08001eb4     0x2  I64DivZer.o [5]
  .text               ro code  0x08001eb8    0xe8  DblAdd.o [4]
  .text               ro code  0x08001fa0     0x2  xtls.o [3]
  .text               ro code  0x08001fa4   0x834  stm32l1xx_hal_rcc.o [1]
  .text               ro code  0x080027d8    0x64  stm32l1xx_hal.o [1]
  .text               ro code  0x0800283c    0x10  stm32l1xx_hal_pwr_ex.o [1]
  .text               ro code  0x0800284c   0x104  stm32l1xx_hal_cortex.o [1]
  .text               ro code  0x08002950   0x21c  stm32l1xx_hal_msp.o [1]
  .text               ro code  0x08002b6c   0x1bc  stm32l1xx_hal_gpio.o [1]
  .text               ro code  0x08002d28   0x390  stm32l1xx_hal_dma.o [1]
  .text               ro code  0x080030b8   0x7b0  stm32l1xx_hal_uart.o [1]
  .text               ro code  0x08003868   0x458  vv_ezat.o [1]
  .text               ro code  0x08003cc0   0x3dc  cmsis_os.o [1]
  .text               ro code  0x0800409c    0x3a  ABImemset48.o [5]
  .text               ro code  0x080040d8    0x24  printf.o [3]
  .text               ro code  0x080040fc    0x78  ABImemmove_unaligned.o [5]
  .text               ro code  0x08004174     0x4  vv_ezat_cmd_function.o [1]
  .text               ro code  0x08004178    0x1c  strcat.o [3]
  .text               ro code  0x08004194     0x6  ABImemclr4.o [5]
  .text               ro code  0x0800419c   0x794  tasks.o [1]
  .text               ro code  0x08004930   0x67a  queue.o [1]
  .text               ro code  0x08004fac   0x1b0  heap_4.o [1]
  CODE                ro code  0x0800515c    0x94  portasm.o [1]
  .text               ro code  0x080051f0   0x18c  port.o [1]
  .text               ro code  0x0800537c    0x2c  strstr.o [3]
  .text               ro code  0x080053a8    0x90  list.o [1]
  .text               ro code  0x08005438   0x5c8  vv_filter.o [1]
  .text               ro code  0x08005a00   0x540  vv_ezat_cmd_function.o [1]
  .text               ro code  0x08005f40    0x34  sprintf.o [3]
  .text               ro code  0x08005f74   0x3a4  vv_config.o [1]
  .text               ro code  0x08006318   0x1a8  vv_pa.o [1]
  .text               ro code  0x080064c0   0x120  vv_freq.o [1]
  .text               ro code  0x080065e0   0x2d0  stm32l1xx_hal_flash_ex.o [1]
  .text               ro code  0x080068b0   0x21c  stm32l1xx_hal_tim.o [1]
  .text               ro code  0x08006acc    0x54  stm32l1xx_hal_tim_ex.o [1]
  .text               ro code  0x08006b20   0x400  vv_pll.o [1]
  .text               ro code  0x08006f20   0x1f8  vv_dds.o [1]
  .text               ro code  0x08007118   0x12c  vv_clksrc.o [1]
  .text               ro code  0x08007244    0x9c  stm32l1xx_hal_flash.o [1]
  .text               ro code  0x080072e0   0x26e  stm32l1xx_hal_spi.o [1]
  .text               ro code  0x08007550    0x1e  U64Shr.o [5]
  .text               ro code  0x08007570   0x428  main.o [1]
  .text               ro code  0x08007998    0xf4  vv_dbg.o [1]
  .text               ro code  0x08007a8c   0x2bc  stm32l1xx_hal_adc.o [1]
  .text               ro code  0x08007d48    0xfa  stm32l1xx_hal_dac.o [1]
  .text               ro code  0x08007e42    0x7c  stm32l1xx_hal_spi_ex.o [1]
  .text               ro code  0x08007ec0    0x48  vv_pwr.o [1]
  .text               ro code  0x08007f08    0xd0  packbits_init.o [5]
  .text               ro code  0x08007fd8     0x6  abort.o [3]
  .text               ro code  0x08007fe0    0x14  exit.o [6]
  .text               ro code  0x08007ff4    0x4c  stm32l1xx_it.o [1]
  .text               ro code  0x08008040    0x48  system_stm32l1xx.o [1]
  .rodata             const    0x08008088    0x3c  main.o [1]
  .rodata             const    0x080080c4    0x3c  vv_ezat.o [1]
  .text               ro code  0x08008100    0x28  data_init.o [5]
  .iar.init_table     const    0x08008128    0x2c  - Linker created -
  .text               ro code  0x08008154    0x1a  cmain.o [5]
  .text               ro code  0x0800816e     0x4  low_level_init.o [3]
  .text               ro code  0x08008172     0x4  exit.o [3]
  .text               ro code  0x08008178     0xa  cexit.o [5]
  .text               ro code  0x08008182    0x16  xprout.o [3]
  .text               ro code  0x08008198     0xc  putchar.o [3]
  .text               ro code  0x080081a4    0x10  startup_stm32l152xb.o [1]
  .text               ro code  0x080081b4     0xc  cstartup_M.o [5]
  .text               ro code  0x080081c0     0x4  startup_stm32l152xb.o [1]
  .text               ro code  0x080081c4     0x4  startup_stm32l152xb.o [1]
  .text               ro code  0x080081c8     0x4  startup_stm32l152xb.o [1]
  .text               ro code  0x080081cc     0x4  startup_stm32l152xb.o [1]
  .text               ro code  0x080081d0     0x4  startup_stm32l152xb.o [1]
  .text               ro code  0x080081d4     0x4  startup_stm32l152xb.o [1]
  .text               ro code  0x080081d8     0x4  startup_stm32l152xb.o [1]
  .text               ro code  0x080081dc     0x4  startup_stm32l152xb.o [1]
  .text               ro code  0x080081e0     0x4  startup_stm32l152xb.o [1]
  .text               ro code  0x080081e4     0x4  startup_stm32l152xb.o [1]
  .text               ro code  0x080081e8     0x4  startup_stm32l152xb.o [1]
  .text               ro code  0x080081ec     0x4  startup_stm32l152xb.o [1]
  .text               ro code  0x080081f0     0x4  startup_stm32l152xb.o [1]
  .text               ro code  0x080081f4     0x4  startup_stm32l152xb.o [1]
  .text               ro code  0x080081f8     0x4  startup_stm32l152xb.o [1]
  .text               ro code  0x080081fc     0x4  startup_stm32l152xb.o [1]
  .text               ro code  0x08008200     0x4  startup_stm32l152xb.o [1]
  .text               ro code  0x08008204     0x4  startup_stm32l152xb.o [1]
  .text               ro code  0x08008208     0x4  startup_stm32l152xb.o [1]
  .text               ro code  0x0800820c     0x4  startup_stm32l152xb.o [1]
  .text               ro code  0x08008210     0x4  startup_stm32l152xb.o [1]
  .text               ro code  0x08008214     0x4  startup_stm32l152xb.o [1]
  .text               ro code  0x08008218     0x4  startup_stm32l152xb.o [1]
  .text               ro code  0x0800821c     0x4  startup_stm32l152xb.o [1]
  .text               ro code  0x08008220     0x4  startup_stm32l152xb.o [1]
  .text               ro code  0x08008224     0x4  startup_stm32l152xb.o [1]
  .text               ro code  0x08008228     0x4  startup_stm32l152xb.o [1]
  .text               ro code  0x0800822c     0x4  startup_stm32l152xb.o [1]
  .text               ro code  0x08008230     0x4  startup_stm32l152xb.o [1]
  .text               ro code  0x08008234     0x4  startup_stm32l152xb.o [1]
  .text               ro code  0x08008238     0x4  startup_stm32l152xb.o [1]
  .text               ro code  0x0800823c     0x4  startup_stm32l152xb.o [1]
  .text               ro code  0x08008240     0x4  startup_stm32l152xb.o [1]
  .text               ro code  0x08008244     0x4  startup_stm32l152xb.o [1]
  .text               ro code  0x08008248     0x4  startup_stm32l152xb.o [1]
  .text               ro code  0x0800824c     0x4  startup_stm32l152xb.o [1]
  .text               ro code  0x08008250     0x4  startup_stm32l152xb.o [1]
  .text               ro code  0x08008254     0x4  startup_stm32l152xb.o [1]
  .text               ro code  0x08008258     0x4  startup_stm32l152xb.o [1]
  .text               ro code  0x0800825c     0x4  startup_stm32l152xb.o [1]
  .text               ro code  0x08008260     0x4  startup_stm32l152xb.o [1]
  .text               ro code  0x08008264     0x4  startup_stm32l152xb.o [1]
  .text               ro code  0x08008268     0x4  startup_stm32l152xb.o [1]
  .text               ro code  0x0800826c     0x4  startup_stm32l152xb.o [1]
  .text               ro code  0x08008270     0x4  startup_stm32l152xb.o [1]
  .text               ro code  0x08008274     0x4  startup_stm32l152xb.o [1]
  .text               ro code  0x08008278     0x4  startup_stm32l152xb.o [1]
  .rodata             const    0x0800827c     0x0  zero_init3.o [5]
  .rodata             const    0x0800827c     0x0  packbits_init.o [5]
  Initializer bytes   const    0x0800827c    0xaa  <for P2 s0>
                             - 0x08008326  0x8232

"P2":                                      0x36d0
  P2 s0                        0x20000000   0x388  <Init block>
    .data             inited   0x20000000   0x180  vv_ezat.o [1]
    .data             inited   0x20000180    0x9c  tasks.o [1]
    __DLIB_PERTHREAD  inited   0x2000021c    0x88  localeconv.o [3]
    __DLIB_PERTHREAD  inited   0x200002a4    0x74  setlocale.o [3]
    .data             inited   0x20000318    0x40  xfiles.o [3]
    .data             inited   0x20000358    0x20  vv_config.o [1]
    .data             inited   0x20000378     0xc  port.o [1]
    .data             inited   0x20000384     0x4  system_stm32l1xx.o [1]
  .bss                zero     0x20000388  0x2818  heap_4.o [1]
  .bss                zero     0x20002ba0   0x118  vv_config.o [1]
  .bss                zero     0x20002cb8   0x104  vv_ezat.o [1]
  .bss                zero     0x20002dbc    0x8c  tasks.o [1]
  .bss                zero     0x20002e48    0x68  main.o [1]
  .bss                zero     0x20002eb0    0x58  main.o [1]
  .bss                zero     0x20002f08    0x54  main.o [1]
  .bss                zero     0x20002f5c    0x50  xfiles.o [3]
  .bss                zero     0x20002fac    0x40  main.o [1]
  .bss                zero     0x20002fec    0x40  main.o [1]
  .bss                zero     0x2000302c    0x38  main.o [1]
  .bss                zero     0x20003064    0x38  main.o [1]
  .bss                zero     0x2000309c    0x18  stm32l1xx_hal_flash.o [1]
  .bss                zero     0x200030b4     0x8  xxmemxmalloc.o [3]
  .bss                zero     0x200030bc     0x4  stm32l1xx_hal.o [1]
  .bss                zero     0x200030c0     0x4  vv_ezat.o [1]
  .bss                zero     0x200030c4     0x4  xgetmemchunk.o [3]
  .bss                zero     0x200030c8     0x1  vv_clksrc.o [1]
  .bss                zero     0x200030c9     0x1  vv_dds.o [1]
  .bss                zero     0x200030ca     0x1  vv_filter.o [1]
  .bss                zero     0x200030cb     0x1  vv_pa.o [1]
  .bss                zero     0x200030cc     0x1  vv_pll.o [1]
  CSTACK                       0x200030d0   0x400  <Block>
    CSTACK            uninit   0x200030d0   0x400  <Block tail>
  HEAP                         0x200034d0   0x200  <Block>
    HEAP              uninit   0x200034d0   0x200  <Block tail>
                             - 0x200036d0  0x36d0


*******************************************************************************
*** INIT TABLE
***

          Address     Size
          -------     ----
Zero (__iar_zero_init3)
    1 destination range, total size 0x2d45:
          0x20000388  0x2d45

Copy/packbits (__iar_packbits_init3)
    1 source range, total size 0xaa (18% of destination):
          0x0800827c    0xaa
    1 destination range, total size 0x388:
          0x20000000   0x388



*******************************************************************************
*** MODULE SUMMARY
***

    Module                    ro code  ro data  rw data
    ------                    -------  -------  -------
D:\Projectsrc\cube_152\iar\l152\EWARM\l152 Configuration\Obj: [1]
    cmsis_os.o                    988
    heap_4.o                      432            10 264
    list.o                        144
    main.o                      1 064       60      516
    port.o                        396        3       12
    portasm.o                     148
    queue.o                     1 658
    startup_stm32l152xb.o         448
    stm32l1xx_hal.o               100                 4
    stm32l1xx_hal_adc.o           700
    stm32l1xx_hal_cortex.o        260
    stm32l1xx_hal_dac.o           250
    stm32l1xx_hal_dma.o           912
    stm32l1xx_hal_flash.o         156                24
    stm32l1xx_hal_flash_ex.o      720
    stm32l1xx_hal_gpio.o          444
    stm32l1xx_hal_msp.o           540
    stm32l1xx_hal_pwr_ex.o         16
    stm32l1xx_hal_rcc.o         2 100
    stm32l1xx_hal_spi.o           622
    stm32l1xx_hal_spi_ex.o        124
    stm32l1xx_hal_tim.o           540
    stm32l1xx_hal_tim_ex.o         84
    stm32l1xx_hal_uart.o        1 968
    stm32l1xx_it.o                 76
    system_stm32l1xx.o             72        1        4
    tasks.o                     1 940       29      296
    vv_clksrc.o                   300                 1
    vv_config.o                   932        6      312
    vv_dbg.o                      244
    vv_dds.o                      504                 1
    vv_ezat.o                   1 112      132      648
    vv_ezat_cmd_function.o      1 348
    vv_filter.o                 1 480                 1
    vv_freq.o                     288
    vv_pa.o                       424                 1
    vv_pll.o                    1 024                 1
    vv_pwr.o                       72
    ---------------------------------------------------
    Total:                     24 630      231   12 085

command line: [2]
    ---------------------------------------------------
    Total:

dl7M_tlf.a: [3]
    abort.o                         6
    div.o                          14
    exit.o                          4
    localeconv.o                  108       26      136
    low_level_init.o                4
    printf.o                       36
    putchar.o                      12
    setlocale.o                    20       21      116
    sprintf.o                      52
    strcat.o                       28
    strstr.o                       44
    xencoding_sb.o                 96
    xfiles.o                                12      144
    xgetmemchunk.o                 44                 4
    xmbcurmax.o                    10
    xmbtowc.o                      32
    xprintffull.o               4 430
    xprout.o                       22
    xsprout.o                      10
    xtls.o                          2
    xwctomb.o                      26
    xxmemxfree.o                  128
    xxmemxmalloc.o                176                 8
    ---------------------------------------------------
    Total:                      5 304       59      408

m7M_tl.a: [4]
    DblAdd.o                      232
    DblCmpGe.o                     46
    DblCmpLe.o                     46
    DblDiv.o                      582
    DblMul.o                      418
    DblSub.o                      384
    DblToI32.o                     88
    I32ToDbl.o                     48
    xdnorm.o                       66
    xdscale.o                     272
    ---------------------------------------------------
    Total:                      2 182

rt7M_tl.a: [5]
    ABImemclr4.o                    6
    ABImemcpy_unaligned.o         118
    ABImemmove_unaligned.o        120
    ABImemset48.o                  58
    I64DivMod.o                   238
    I64DivZer.o                     2
    U64Shr.o                       30
    cexit.o                        10
    cmain.o                        26
    cstartup_M.o                   12
    data_init.o                    40
    memchr.o                       88
    packbits_init.o               208
    strchr.o                       22
    strlen.o                       54
    zero_init3.o                   34
    ---------------------------------------------------
    Total:                      1 066

shb_l.a: [6]
    exit.o                         20
    ---------------------------------------------------
    Total:                         20

    Gaps                           38
    Linker created                          44    1 536
-------------------------------------------------------
    Grand Total:               33 240      334   14 029


*******************************************************************************
*** ENTRY LIST
***

Entry                      Address    Size  Type      Object
-----                      -------    ----  ----      ------
.iar.init_table$$Base   0x08008128           --   Gb  - Linker created -
.iar.init_table$$Limit  0x08008154           --   Gb  - Linker created -
?main                   0x08008155          Code  Gb  cmain.o [5]
CSTACK$$Base            0x200030d0           --   Gb  - Linker created -
CSTACK$$Limit           0x200034d0           --   Gb  - Linker created -
DMA1_Channel4_IRQHandler
                        0x08008003     0x6  Code  Gb  stm32l1xx_it.o [1]
DMA1_Channel5_IRQHandler
                        0x08008009     0x6  Code  Gb  stm32l1xx_it.o [1]
DMA_SetConfig           0x08003099    0x20  Code  Lc  stm32l1xx_hal_dma.o [1]
FLASH_DATAEEPROM_FastProgramByte
                        0x080066c9    0x56  Code  Lc  stm32l1xx_hal_flash_ex.o [1]
FLASH_DATAEEPROM_FastProgramHalfWord
                        0x0800671f    0x78  Code  Lc  stm32l1xx_hal_flash_ex.o [1]
FLASH_DATAEEPROM_FastProgramWord
                        0x08006797    0x2c  Code  Lc  stm32l1xx_hal_flash_ex.o [1]
FLASH_DATAEEPROM_ProgramByte
                        0x080067c3    0x4c  Code  Lc  stm32l1xx_hal_flash_ex.o [1]
FLASH_DATAEEPROM_ProgramHalfWord
                        0x0800680f    0x6e  Code  Lc  stm32l1xx_hal_flash_ex.o [1]
FLASH_DATAEEPROM_ProgramWord
                        0x0800687d    0x22  Code  Lc  stm32l1xx_hal_flash_ex.o [1]
FLASH_SetErrorCode      0x08007297    0x40  Code  Lc  stm32l1xx_hal_flash.o [1]
FLASH_WaitForLastOperation
                        0x08007245    0x52  Code  Gb  stm32l1xx_hal_flash.o [1]
HAL_ADC_ConfigChannel   0x08007be1   0x14a  Code  Gb  stm32l1xx_hal_adc.o [1]
HAL_ADC_Init            0x08007a8d   0x154  Code  Gb  stm32l1xx_hal_adc.o [1]
HAL_ADC_MspInit         0x0800298f    0x22  Code  Gb  stm32l1xx_hal_msp.o [1]
HAL_DAC_ConfigChannel   0x08007dcd    0x4a  Code  Gb  stm32l1xx_hal_dac.o [1]
HAL_DAC_Init            0x08007d49    0x2a  Code  Gb  stm32l1xx_hal_dac.o [1]
HAL_DAC_MspInit         0x080029b1    0x3a  Code  Gb  stm32l1xx_hal_msp.o [1]
HAL_DAC_SetValue        0x08007e17    0x2c  Code  Gb  stm32l1xx_hal_dac.o [1]
HAL_DAC_Start           0x08007d73    0x5a  Code  Gb  stm32l1xx_hal_dac.o [1]
HAL_DMA_Abort           0x08002dd1    0x4e  Code  Gb  stm32l1xx_hal_dma.o [1]
HAL_DMA_GetError        0x08003095     0x4  Code  Gb  stm32l1xx_hal_dma.o [1]
HAL_DMA_IRQHandler      0x08002e1f   0x25a  Code  Gb  stm32l1xx_hal_dma.o [1]
HAL_DMA_Init            0x08002d29    0x50  Code  Gb  stm32l1xx_hal_dma.o [1]
HAL_DMA_Start_IT        0x08002d79    0x58  Code  Gb  stm32l1xx_hal_dma.o [1]
HAL_FLASHEx_DATAEEPROM_Erase
                        0x0800660f    0x2e  Code  Gb  stm32l1xx_hal_flash_ex.o [1]
HAL_FLASHEx_DATAEEPROM_Lock
                        0x080065ff    0x10  Code  Gb  stm32l1xx_hal_flash_ex.o [1]
HAL_FLASHEx_DATAEEPROM_Program
                        0x0800663d    0x8c  Code  Gb  stm32l1xx_hal_flash_ex.o [1]
HAL_FLASHEx_DATAEEPROM_Unlock
                        0x080065e1    0x1e  Code  Gb  stm32l1xx_hal_flash_ex.o [1]
HAL_GPIO_Init           0x08002b6d   0x176  Code  Gb  stm32l1xx_hal_gpio.o [1]
HAL_GPIO_ReadPin        0x08002ce3     0xe  Code  Gb  stm32l1xx_hal_gpio.o [1]
HAL_GPIO_TogglePin      0x08002cff     0x8  Code  Gb  stm32l1xx_hal_gpio.o [1]
HAL_GPIO_WritePin       0x08002cf1     0xe  Code  Gb  stm32l1xx_hal_gpio.o [1]
HAL_GetHalVersion       0x08002823     0x4  Code  Gb  stm32l1xx_hal.o [1]
HAL_GetREVID            0x08002827     0x8  Code  Gb  stm32l1xx_hal.o [1]
HAL_GetTick             0x0800281d     0x6  Code  Wk  stm32l1xx_hal.o [1]
HAL_IncTick             0x08002813     0xa  Code  Wk  stm32l1xx_hal.o [1]
HAL_Init                0x080027d9    0x16  Code  Gb  stm32l1xx_hal.o [1]
HAL_InitTick            0x080027ef    0x24  Code  Wk  stm32l1xx_hal.o [1]
HAL_MspInit             0x08002951    0x3e  Code  Gb  stm32l1xx_hal_msp.o [1]
HAL_NVIC_EnableIRQ      0x0800291b     0x2  Code  Gb  stm32l1xx_hal_cortex.o [1]
HAL_NVIC_SetPriority    0x080028fd    0x1e  Code  Gb  stm32l1xx_hal_cortex.o [1]
HAL_NVIC_SetPriorityGrouping
                        0x080028fb     0x2  Code  Gb  stm32l1xx_hal_cortex.o [1]
HAL_PWREx_GetVoltageRange
                        0x0800283d     0xa  Code  Gb  stm32l1xx_hal_pwr_ex.o [1]
HAL_RCC_ClockConfig     0x080023fb   0x26a  Code  Gb  stm32l1xx_hal_rcc.o [1]
HAL_RCC_GetHCLKFreq     0x080026c3    0x20  Code  Gb  stm32l1xx_hal_rcc.o [1]
HAL_RCC_GetPCLK1Freq    0x080026e3    0x1c  Code  Gb  stm32l1xx_hal_rcc.o [1]
HAL_RCC_GetPCLK2Freq    0x080026ff    0x1c  Code  Gb  stm32l1xx_hal_rcc.o [1]
HAL_RCC_GetSysClockFreq
                        0x08002665    0x5e  Code  Gb  stm32l1xx_hal_rcc.o [1]
HAL_RCC_OscConfig       0x08001fa5   0x456  Code  Gb  stm32l1xx_hal_rcc.o [1]
HAL_SPI_Init            0x08007e43    0x7c  Code  Gb  stm32l1xx_hal_spi_ex.o [1]
HAL_SPI_MspInit         0x080029eb    0x42  Code  Gb  stm32l1xx_hal_msp.o [1]
HAL_SPI_Transmit        0x080072e1   0x1a2  Code  Gb  stm32l1xx_hal_spi.o [1]
HAL_SYSTICK_CLKSourceConfig
                        0x0800291f    0x18  Code  Gb  stm32l1xx_hal_cortex.o [1]
HAL_SYSTICK_Config      0x0800291d     0x2  Code  Gb  stm32l1xx_hal_cortex.o [1]
HAL_TIMEx_MasterConfigSynchronization
                        0x08006acd    0x54  Code  Gb  stm32l1xx_hal_tim_ex.o [1]
HAL_TIM_Base_Init       0x080068b1    0x36  Code  Gb  stm32l1xx_hal_tim.o [1]
HAL_TIM_Base_MspInit    0x08002a2d    0x34  Code  Gb  stm32l1xx_hal_msp.o [1]
HAL_TIM_Base_Start      0x080068e7    0x1a  Code  Gb  stm32l1xx_hal_tim.o [1]
HAL_TIM_Base_Start_IT   0x08006925    0x18  Code  Gb  stm32l1xx_hal_tim.o [1]
HAL_TIM_Base_Stop       0x08006901    0x24  Code  Gb  stm32l1xx_hal_tim.o [1]
HAL_TIM_IC_CaptureCallback
                        0x08006a5b     0x2  Code  Wk  stm32l1xx_hal_tim.o [1]
HAL_TIM_IRQHandler      0x0800693d   0x11a  Code  Gb  stm32l1xx_hal_tim.o [1]
HAL_TIM_OC_DelayElapsedCallback
                        0x08006a59     0x2  Code  Wk  stm32l1xx_hal_tim.o [1]
HAL_TIM_PWM_PulseFinishedCallback
                        0x08006a5d     0x2  Code  Wk  stm32l1xx_hal_tim.o [1]
HAL_TIM_PeriodElapsedCallback
                        0x08006a57     0x2  Code  Wk  stm32l1xx_hal_tim.o [1]
HAL_TIM_TriggerCallback
                        0x08006a5f     0x2  Code  Wk  stm32l1xx_hal_tim.o [1]
HAL_UART_DMAStop        0x080032fd    0x2c  Code  Gb  stm32l1xx_hal_uart.o [1]
HAL_UART_ErrorCallback  0x080039c1     0x8  Code  Gb  vv_ezat.o [1]
HAL_UART_GetState       0x0800341d     0x6  Code  Gb  stm32l1xx_hal_uart.o [1]
HAL_UART_IRQHandler     0x08003329    0xee  Code  Gb  stm32l1xx_hal_uart.o [1]
HAL_UART_Init           0x080030b9    0x60  Code  Gb  stm32l1xx_hal_uart.o [1]
HAL_UART_MspInit        0x08002a61    0xdc  Code  Gb  stm32l1xx_hal_msp.o [1]
HAL_UART_Receive_DMA    0x08003279    0x84  Code  Gb  stm32l1xx_hal_uart.o [1]
HAL_UART_RxCpltCallback
                        0x0800398f    0x32  Code  Gb  vv_ezat.o [1]
HAL_UART_RxHalfCpltCallback
                        0x0800341b     0x2  Code  Wk  stm32l1xx_hal_uart.o [1]
HAL_UART_Transmit       0x08003119    0xd4  Code  Gb  stm32l1xx_hal_uart.o [1]
HAL_UART_Transmit_DMA   0x080031ed    0x8c  Code  Gb  stm32l1xx_hal_uart.o [1]
HAL_UART_TxCpltCallback
                        0x08003417     0x2  Code  Wk  stm32l1xx_hal_uart.o [1]
HAL_UART_TxHalfCpltCallback
                        0x08003419     0x2  Code  Wk  stm32l1xx_hal_uart.o [1]
HEAP$$Base              0x200034d0           --   Gb  - Linker created -
HEAP$$Limit             0x200036d0           --   Gb  - Linker created -
InStream_Read           0x08007f09    0x22  Code  Lc  packbits_init.o [5]
LoadInt                 0x08000725    0x6e  Code  Lc  xprintffull.o [3]
MX_ADC_Init             0x080076d1    0x50  Code  Lc  main.o [1]
MX_DAC_Init             0x08007721    0x24  Code  Lc  main.o [1]
MX_DMA_Init             0x080077e3    0x3a  Code  Lc  main.o [1]
MX_GPIO_Init            0x0800781d    0x34  Code  Lc  main.o [1]
MX_SPI1_Init            0x08007745    0x30  Code  Lc  main.o [1]
MX_TIM6_Init            0x08007775    0x2a  Code  Lc  main.o [1]
MX_USART1_UART_Init     0x0800779f    0x22  Code  Lc  main.o [1]
MX_USART2_UART_Init     0x080077c1    0x22  Code  Lc  main.o [1]
NVIC_EnableIRQ          0x08002871    0x12  Code  Lc  stm32l1xx_hal_cortex.o [1]
NVIC_EncodePriority     0x0800289d    0x36  Code  Lc  stm32l1xx_hal_cortex.o [1]
NVIC_GetPriorityGrouping
                        0x08002867     0xa  Code  Lc  stm32l1xx_hal_cortex.o [1]
NVIC_SetPriority        0x08002883    0x1a  Code  Lc  stm32l1xx_hal_cortex.o [1]
NVIC_SetPriorityGrouping
                        0x0800284d    0x1a  Code  Lc  stm32l1xx_hal_cortex.o [1]
PendSV_Handler          0x0800515d          Code  Gb  portasm.o [1]
RCC_SetFlashLatencyFromMSIRange
                        0x0800271b    0x74  Code  Lc  stm32l1xx_hal_rcc.o [1]
Region$$Table$$Base     0x08008128           --   Gb  - Linker created -
Region$$Table$$Limit    0x08008154           --   Gb  - Linker created -
SPI_WaitOnFlagUntilTimeout
                        0x08007483    0xcc  Code  Lc  stm32l1xx_hal_spi.o [1]
SVC_Handler             0x080051af          Code  Gb  portasm.o [1]
StartDefaultTask        0x08007851     0xc  Code  Gb  main.o [1]
StartTask02             0x0800785d    0x82  Code  Gb  main.o [1]
SysTick_Config          0x080028d3    0x28  Code  Lc  stm32l1xx_hal_cortex.o [1]
SysTick_Handler         0x08007ff5     0xe  Code  Gb  stm32l1xx_it.o [1]
SystemClock_Config      0x08007647    0x8a  Code  Gb  main.o [1]
SystemCoreClock         0x20000384     0x4  Data  Gb  system_stm32l1xx.o [1]
SystemInit              0x08008041    0x38  Code  Gb  system_stm32l1xx.o [1]
TIM6_IRQHandler         0x08008015    0x16  Code  Gb  stm32l1xx_it.o [1]
TIM_Base_SetConfig      0x08006a61    0x58  Code  Lc  stm32l1xx_hal_tim.o [1]
UART_DMAError           0x080034a5    0x20  Code  Lc  stm32l1xx_hal_uart.o [1]
UART_DMAReceiveCplt     0x08003461    0x38  Code  Lc  stm32l1xx_hal_uart.o [1]
UART_DMARxHalfCplt      0x08003499     0xa  Code  Lc  stm32l1xx_hal_uart.o [1]
UART_DMATransmitCplt    0x08003425    0x2e  Code  Lc  stm32l1xx_hal_uart.o [1]
UART_DMATxHalfCplt      0x08003455     0xa  Code  Lc  stm32l1xx_hal_uart.o [1]
UART_EndTransmit_IT     0x080035f5    0x2a  Code  Lc  stm32l1xx_hal_uart.o [1]
UART_Receive_IT         0x0800361f    0xaa  Code  Lc  stm32l1xx_hal_uart.o [1]
UART_SetConfig          0x080036c9   0x196  Code  Lc  stm32l1xx_hal_uart.o [1]
UART_Transmit_IT        0x0800358f    0x66  Code  Lc  stm32l1xx_hal_uart.o [1]
UART_WaitOnFlagUntilTimeout
                        0x080034c5    0xca  Code  Lc  stm32l1xx_hal_uart.o [1]
USART1_IRQHandler       0x0800800f     0x6  Code  Gb  stm32l1xx_it.o [1]
_EncodingSb_Mbtowc      0x08001e43    0x30  Code  Gb  xencoding_sb.o [3]
_EncodingSb_Wctomb      0x08001e29    0x1a  Code  Gb  xencoding_sb.o [3]
_GenldFull              0x08000faf   0x24c  Code  Lc  xprintffull.o [3]
_IsdstStr               0x200002a8     0x4  Data  Gb  setlocale.o [3]
_LdtobFull              0x08000bad   0x3fc  Code  Lc  xprintffull.o [3]
_LitobFull              0x08000aa5   0x106  Code  Lc  xprintffull.o [3]
_LocaleEncoding         0x08001e15     0xe  Code  Gb  setlocale.o [3]
_LocaleReturnString     0x200002c8    0x50  Data  Lc  setlocale.o [3]
_Locale_Profile         0x200002ac    0x1c  Data  Gb  setlocale.o [3]
_Locale_aeabi_lconv     0x2000026c    0x38  Data  Gb  localeconv.o [3]
_Locale_lconv           0x2000021c    0x50  Data  Gb  localeconv.o [3]
_Mbtowc                 0x08001243    0x20  Code  Gb  xmbtowc.o [3]
_PrintfFull             0x080000f5   0x618  Code  Gb  xprintffull.o [3]
_Prout                  0x08008183    0x16  Code  Gb  xprout.o [3]
_PutcharsFull           0x080011fb    0x2e  Code  Lc  xprintffull.o [3]
_PutstrFull             0x08000793   0x30c  Code  Lc  xprintffull.o [3]
_SProut                 0x0800129b     0xa  Code  Gb  xsprout.o [3]
_TzoneStr               0x200002a4     0x4  Data  Gb  setlocale.o [3]
_Wctomb                 0x080013f1    0x1a  Code  Gb  xwctomb.o [3]
__aeabi_cdcmple         0x08001635          Code  Gb  DblCmpLe.o [4]
__aeabi_cdrcmple        0x08001665          Code  Gb  DblCmpGe.o [4]
__aeabi_d2iz            0x080017a5          Code  Gb  DblToI32.o [4]
__aeabi_d2uiz           0x080017d1          Code  Gb  DblToI32.o [4]
__aeabi_dadd            0x08001eb9          Code  Gb  DblAdd.o [4]
__aeabi_ddiv            0x08001b51          Code  Gb  DblDiv.o [4]
__aeabi_dmul            0x080019ad          Code  Gb  DblMul.o [4]
__aeabi_dsub            0x0800182d          Code  Gb  DblSub.o [4]
__aeabi_i2d             0x080017fd          Code  Gb  I32ToDbl.o [4]
__aeabi_ldiv0           0x08001eb5          Code  Gb  I64DivZer.o [5]
__aeabi_llsr            0x08007551          Code  Gb  U64Shr.o [5]
__aeabi_memclr4         0x08004195          Code  Gb  ABImemclr4.o [5]
__aeabi_memset4         0x0800409d          Code  Gb  ABImemset48.o [5]
__aeabi_memset8         0x0800409d          Code  Gb  ABImemset48.o [5]
__aeabi_ui2d            0x08001811          Code  Gb  I32ToDbl.o [4]
__aeabi_uldivmod        0x08001505          Code  Gb  I64DivMod.o [5]
__cmain                 0x08008155          Code  Gb  cmain.o [5]
__data_Aldata           0x200030b4     0x8  Data  Gb  xxmemxmalloc.o [3]
__data_GetMemChunk      0x08001e89    0x2c  Code  Gb  xgetmemchunk.o [3]
__exit                  0x08007fe1    0x14  Code  Gb  exit.o [6]
__iar_Dnorm             0x080015f3    0x42  Code  Gb  xdnorm.o [4]
__iar_Dscale            0x08001695   0x110  Code  Gb  xdscale.o [4]
__iar_Locale_lconv_init
                        0x08001d99    0x3a  Code  Gb  localeconv.o [3]
__iar_Mbcurmax          0x08001335     0xa  Code  Gb  xmbcurmax.o [3]
__iar_Memchr            0x080012dd          Code  Gb  memchr.o [5]
__iar_Memset4_word      0x080040a5          Code  Gb  ABImemset48.o [5]
__iar_Memset8_word      0x080040a5          Code  Gb  ABImemset48.o [5]
__iar_Stdout            0x20000318    0x40  Data  Gb  xfiles.o [3]
__iar_Strchr            0x08001285          Code  Gb  strchr.o [5]
__iar_Strstr            0x0800537d    0x2c  Code  Gb  strstr.o [3]
__iar_d2uiz             0x080017dd          Code  Gb  DblToI32.o [4]
__iar_dadd              0x08001ecd          Code  Gb  DblAdd.o [4]
__iar_data_init3        0x08008101    0x28  Code  Gb  data_init.o [5]
__iar_dlib_perthread_access
                        0x08001fa1     0x2  Code  Gb  xtls.o [3]
__iar_dsub              0x08001841          Code  Gb  DblSub.o [4]
__iar_dsubStart         0x08001853          Code  Gb  DblSub.o [4]
__iar_packbits_init3    0x08007f2b    0xae  Code  Gb  packbits_init.o [5]
__iar_program_start     0x080081b5          Code  Gb  cstartup_M.o [5]
__iar_ui2d              0x08001815          Code  Gb  I32ToDbl.o [4]
__iar_unaligned___aeabi_memcpy
                        0x0800140d          Code  Gb  ABImemcpy_unaligned.o [5]
__iar_unaligned___aeabi_memcpy4
                        0x0800142d          Code  Gb  ABImemcpy_unaligned.o [5]
__iar_unaligned___aeabi_memcpy8
                        0x0800142d          Code  Gb  ABImemcpy_unaligned.o [5]
__iar_unaligned___aeabi_memmove
                        0x080040fd          Code  Gb  ABImemmove_unaligned.o [5]
__iar_unaligned___aeabi_memmove4
                        0x080040fd          Code  Gb  ABImemmove_unaligned.o [5]
__iar_unaligned___aeabi_memmove8
                        0x080040fd          Code  Gb  ABImemmove_unaligned.o [5]
__iar_zero_init3        0x08001263    0x22  Code  Gb  zero_init3.o [5]
__low_level_init        0x0800816f     0x4  Code  Gb  low_level_init.o [3]
__vector_table          0x08000000          Data  Gb  startup_stm32l152xb.o [1]
_call_main              0x08008161          Code  Gb  cmain.o [5]
_exit                   0x08008179          Code  Gb  cexit.o [5]
_main                   0x0800816b          Code  Gb  cmain.o [5]
aAPBAHBPrescTable       0x080027b8    0x10  Data  Gb  stm32l1xx_hal_rcc.o [1]
aPLLDivisionFactorTable
                        0x080027c8     0x4  Data  Gb  stm32l1xx_hal_rcc.o [1]
aPLLMULFactorTable      0x080027cc     0xc  Data  Gb  stm32l1xx_hal_rcc.o [1]
abort                   0x08007fd9     0x6  Code  Gb  abort.o [3]
calib_table             0x20002ba0   0x118  Data  Gb  vv_config.o [1]
cmd_function_calib_gain
                        0x08005d0d    0x86  Code  Gb  vv_ezat_cmd_function.o [1]
cmd_function_readid     0x08005a4f     0xe  Code  Gb  vv_ezat_cmd_function.o [1]
cmd_function_readver    0x08005a01    0x4e  Code  Gb  vv_ezat_cmd_function.o [1]
cmd_function_setfreq    0x08005a6b   0x220  Code  Gb  vv_ezat_cmd_function.o [1]
cmd_function_setgain    0x08005ca1    0x6c  Code  Gb  vv_ezat_cmd_function.o [1]
cmd_function_vv         0x08005a5d     0xe  Code  Gb  vv_ezat_cmd_function.o [1]
defaultTaskHandle       0x20002e94     0x4  Data  Gb  main.o [1]
div                     0x08001e05     0xe  Code  Gb  div.o [3]
exit                    0x08008173     0x4  Code  Gb  exit.o [3]
ez_rx_dma_buffer        0x20002cbc    0x80  Data  Gb  vv_ezat.o [1]
ez_rx_raw_buffer        0x20002d3c    0x80  Data  Gb  vv_ezat.o [1]
ezat_cmd                0x20000000   0x180  Data  Gb  vv_ezat.o [1]
ezat_cmd_mbx_id         0x20002cb8     0x4  Data  Gb  vv_ezat.o [1]
fputc                   0x08007999    0x14  Code  Gb  vv_dbg.o [1]
free                    0x08001485    0x7a  Code  Gb  xxmemxfree.o [3]
freq_range              0x20000358    0x20  Data  Gb  vv_config.o [1]
hadc                    0x20002f08    0x54  Data  Gb  main.o [1]
hdac                    0x20002e80    0x14  Data  Gb  main.o [1]
hdma_usart1_rx          0x2000302c    0x38  Data  Gb  main.o [1]
hdma_usart1_tx          0x20003064    0x38  Data  Gb  main.o [1]
hspi1                   0x20002eb0    0x58  Data  Gb  main.o [1]
htim6                   0x20002e48    0x38  Data  Gb  main.o [1]
huart1                  0x20002fac    0x40  Data  Gb  main.o [1]
huart2                  0x20002fec    0x40  Data  Gb  main.o [1]
inHandlerMode           0x08003ccd     0xe  Code  Lc  cmsis_os.o [1]
localeconv              0x08001dd3    0x16  Code  Gb  localeconv.o [3]
main                    0x08007571    0xd6  Code  Gb  main.o [1]
makeFreeRtosPriority    0x08003cc1     0xc  Code  Lc  cmsis_os.o [1]
malloc                  0x08001341    0xac  Code  Gb  xxmemxmalloc.o [3]
memchr                  0x080012dd          Code  Gb  memchr.o [5]
myTask02Handle          0x20002e98     0x4  Data  Gb  main.o [1]
obuf                    0x20002f5c    0x50  Data  Lc  xfiles.o [3]
osDelay                 0x08003d1d    0x10  Code  Gb  cmsis_os.o [1]
osKernelStart           0x08003cdb     0xa  Code  Gb  cmsis_os.o [1]
osMailAlloc             0x08003f8f     0xc  Code  Gb  cmsis_os.o [1]
osMailCreate            0x08003f21    0x6e  Code  Gb  cmsis_os.o [1]
osMailFree              0x08004079     0xc  Code  Gb  cmsis_os.o [1]
osMailGet               0x08003fe7    0x92  Code  Gb  cmsis_os.o [1]
osMailPut               0x08003f9b    0x4c  Code  Gb  cmsis_os.o [1]
osMessageCreate         0x08003f17     0xa  Code  Gb  cmsis_os.o [1]
osMutexRelease          0x08003d93    0x4a  Code  Gb  cmsis_os.o [1]
osMutexWait             0x08003d2d    0x66  Code  Gb  cmsis_os.o [1]
osPoolAlloc             0x08003e73    0x60  Code  Gb  cmsis_os.o [1]
osPoolCreate            0x08003e0b    0x68  Code  Gb  cmsis_os.o [1]
osPoolFree              0x08003ed3    0x44  Code  Gb  cmsis_os.o [1]
osSemaphoreCreate       0x08003ddd    0x2e  Code  Gb  cmsis_os.o [1]
osSystickHandler        0x08004085    0x14  Code  Gb  cmsis_os.o [1]
osThreadCreate          0x08003ce5    0x38  Code  Gb  cmsis_os.o [1]
os_mailQ_cb_ezat_cmd_mbx
                        0x200030c0     0x4  Data  Gb  vv_ezat.o [1]
os_mailQ_def_ezat_cmd_mbx
                        0x08003cb4     0xc  Data  Gb  vv_ezat.o [1]
pFlash                  0x2000309c    0x18  Data  Gb  stm32l1xx_hal_flash.o [1]
printf                  0x080040d9    0x24  Code  Gb  printf.o [3]
prvAddCurrentTaskToDelayedList
                        0x0800474b    0x32  Code  Lc  tasks.o [1]
prvAllocateTCBAndStack  0x0800477d    0x3e  Code  Lc  tasks.o [1]
prvCheckTasksWaitingTermination
                        0x08004703    0x48  Code  Lc  tasks.o [1]
prvCopyDataFromQueue    0x08004ee9    0x24  Code  Lc  queue.o [1]
prvCopyDataToQueue      0x08004e73    0x76  Code  Lc  queue.o [1]
prvDeleteTCB            0x080047bb    0x14  Code  Lc  tasks.o [1]
prvHeapInit             0x080050b9    0x4e  Code  Lc  heap_4.o [1]
prvIdleTask             0x08004645    0x16  Code  Lc  tasks.o [1]
prvInitialiseTCBVariables
                        0x0800465b    0x58  Code  Lc  tasks.o [1]
prvInitialiseTaskLists  0x080046b3    0x50  Code  Lc  tasks.o [1]
prvInsertBlockIntoFreeList
                        0x08005107    0x4e  Code  Lc  heap_4.o [1]
prvIsQueueEmpty         0x08004f75    0x18  Code  Lc  queue.o [1]
prvIsQueueFull          0x08004f8d    0x1e  Code  Lc  queue.o [1]
prvResetNextTaskUnblockTime
                        0x080047cf    0x1e  Code  Lc  tasks.o [1]
prvTaskExitError        0x0800520d    0x18  Code  Lc  port.o [1]
prvUnlockQueue          0x08004f0d    0x68  Code  Lc  queue.o [1]
putchar                 0x08008199     0xc  Code  Gb  putchar.o [3]
pvPortMalloc            0x08004fad    0xba  Code  Gb  heap_4.o [1]
pvTaskIncrementMutexHeldCount
                        0x08004901    0x16  Code  Gb  tasks.o [1]
pxCurrentTCB            0x200001a8     0x4  Data  Gb  tasks.o [1]
pxDelayedTaskList       0x200001ac     0x4  Data  Lc  tasks.o [1]
pxEnd                   0x20000390     0x4  Data  Lc  heap_4.o [1]
pxOverflowDelayedTaskList
                        0x200001b0     0x4  Data  Lc  tasks.o [1]
pxPortInitialiseStack   0x080051f1    0x1c  Code  Gb  port.o [1]
pxReadyTasksLists       0x20002dbc    0x8c  Data  Lc  tasks.o [1]
queue_ezat_cmdHandle    0x20002ea8     0x4  Data  Gb  main.o [1]
read_number_from_rfcmd  0x08003b71    0x60  Code  Gb  vv_ezat.o [1]
sem_gpio_initHandle     0x20002eac     0x4  Data  Gb  main.o [1]
sprintf                 0x08005f41    0x34  Code  Gb  sprintf.o [3]
strcat                  0x08004179    0x1c  Code  Gb  strcat.o [3]
strchr                  0x08001285          Code  Gb  strchr.o [5]
strlen                  0x080012a5          Code  Gb  strlen.o [5]
strstr                  0x08004175     0x4  Code  Gb  vv_ezat_cmd_function.o [1]
task_ez_rxHandle        0x20002ea4     0x4  Data  Gb  main.o [1]
task_ez_rx_func         0x08007925     0x4  Code  Gb  main.o [1]
task_ez_rx_func_top     0x08003869    0xfa  Code  Gb  vv_ezat.o [1]
task_ezatHandle         0x20002ea0     0x4  Data  Gb  main.o [1]
task_ezat_func          0x08007921     0x4  Code  Gb  main.o [1]
task_pllHandle          0x20002e9c     0x4  Data  Gb  main.o [1]
task_pll_func           0x0800791d     0x4  Code  Gb  main.o [1]
ucHeap                  0x200003a0  0x2800  Data  Lc  heap_4.o [1]
ucMaxSysCallPriority    0x20000378     0x1  Data  Lc  port.o [1]
ulMaxPRIGROUPValue      0x20000380     0x4  Data  Lc  port.o [1]
ulPortSetInterruptMask  0x0800519b          Code  Gb  portasm.o [1]
uwTick                  0x200030bc     0x4  Data  Lc  stm32l1xx_hal.o [1]
uxCriticalNesting       0x2000037c     0x4  Data  Lc  port.o [1]
uxCurrentNumberOfTasks  0x200001cc     0x4  Data  Lc  tasks.o [1]
uxListRemove            0x08005415    0x24  Code  Gb  list.o [1]
uxPendedTicks           0x200001dc     0x4  Data  Lc  tasks.o [1]
uxSchedulerSuspended    0x200001f0     0x4  Data  Lc  tasks.o [1]
uxTaskNumber            0x200001e8     0x4  Data  Lc  tasks.o [1]
uxTasksDeleted          0x200001b4     0x4  Data  Lc  tasks.o [1]
uxTopReadyPriority      0x200001d4     0x4  Data  Lc  tasks.o [1]
vListInitialise         0x080053a9    0x1a  Code  Gb  list.o [1]
vListInitialiseItem     0x080053c3     0x6  Code  Gb  list.o [1]
vListInsert             0x080053e1    0x34  Code  Gb  list.o [1]
vListInsertEnd          0x080053c9    0x18  Code  Gb  list.o [1]
vPortClearInterruptMask
                        0x080051a9          Code  Gb  portasm.o [1]
vPortEnterCritical      0x080052a1    0x2c  Code  Gb  port.o [1]
vPortExitCritical       0x080052cd    0x22  Code  Gb  port.o [1]
vPortFree               0x08005067    0x52  Code  Gb  heap_4.o [1]
vPortSetupTimerInterrupt
                        0x0800530f    0x18  Code  Wk  port.o [1]
vPortStartFirstTask     0x080051cf          Code  Gb  portasm.o [1]
vPortValidateInterruptPriority
                        0x08005329    0x32  Code  Gb  port.o [1]
vPortYield              0x0800528f    0x12  Code  Gb  port.o [1]
vTaskDelay              0x08004291    0x58  Code  Gb  tasks.o [1]
vTaskMissedYield        0x08004639     0xa  Code  Gb  tasks.o [1]
vTaskPlaceOnEventList   0x080044fd    0x58  Code  Gb  tasks.o [1]
vTaskPriorityInherit    0x08004809    0x7a  Code  Gb  tasks.o [1]
vTaskSetTimeOutState    0x080045bd    0x1a  Code  Gb  tasks.o [1]
vTaskStartScheduler     0x080042e9    0x4a  Code  Gb  tasks.o [1]
vTaskSuspendAll         0x08004333     0xc  Code  Gb  tasks.o [1]
vTaskSwitchContext      0x080044ab    0x52  Code  Gb  tasks.o [1]
vv_beep                 0x08006187    0x5a  Code  Gb  vv_config.o [1]
vv_clksrc_gpio_init_flg
                        0x200030c8     0x1  Data  Lc  vv_clksrc.o [1]
vv_clksrc_init_gpio     0x08007119    0x58  Code  Lc  vv_clksrc.o [1]
vv_clksrc_sel           0x08007171    0xb4  Code  Gb  vv_clksrc.o [1]
vv_config_tim6          0x0800615f    0x28  Code  Gb  vv_config.o [1]
vv_dbg_enable_all_gpio_clk
                        0x08007a0b    0x74  Code  Gb  vv_dbg.o [1]
vv_dbg_led_init_gpio    0x080079ad    0x40  Code  Gb  vv_dbg.o [1]
vv_dbg_led_sw           0x080079ed    0x1e  Code  Gb  vv_dbg.o [1]
vv_dds_ad9850_write_reg
                        0x0800700b    0x32  Code  Lc  vv_dds.o [1]
vv_dds_gpio_init_flg    0x200030c9     0x1  Data  Lc  vv_dds.o [1]
vv_dds_init_gpio        0x08006f21    0x70  Code  Lc  vv_dds.o [1]
vv_dds_set_freq         0x0800703d    0x7c  Code  Gb  vv_dds.o [1]
vv_dds_sw_fqud          0x08006f91    0x26  Code  Lc  vv_dds.o [1]
vv_dds_sw_serclk        0x08006fb7    0x2a  Code  Lc  vv_dds.o [1]
vv_dds_sw_serdata       0x08006fe1    0x2a  Code  Lc  vv_dds.o [1]
vv_ezat_search_cmd_from_buffer
                        0x08003a87    0x68  Code  Gb  vv_ezat.o [1]
vv_ezat_uart_send_string
                        0x08003aef    0x62  Code  Gb  vv_ezat.o [1]
vv_filter_channel       0x080057d5    0xf0  Code  Lc  vv_filter.o [1]
vv_filter_freq          0x080058c5    0x3e  Code  Gb  vv_filter.o [1]
vv_filter_get_channel_by_freq
                        0x0800573d    0x96  Code  Lc  vv_filter.o [1]
vv_filter_gpio_init_flg
                        0x200030ca     0x1  Data  Lc  vv_filter.o [1]
vv_filter_init_gpio     0x08005439    0xdc  Code  Lc  vv_filter.o [1]
vv_filter_sw1           0x08005515    0xa0  Code  Lc  vv_filter.o [1]
vv_filter_sw2           0x080055b5    0x88  Code  Lc  vv_filter.o [1]
vv_filter_sw3           0x0800563d    0x68  Code  Lc  vv_filter.o [1]
vv_filter_sw4           0x080056a5    0x98  Code  Lc  vv_filter.o [1]
vv_freq_init            0x08006581    0x2c  Code  Gb  vv_freq.o [1]
vv_freq_set             0x080064cf    0xb2  Code  Gb  vv_freq.o [1]
vv_get_calib_point      0x08005fc5     0x4  Code  Gb  vv_config.o [1]
vv_get_calib_value_by_freq
                        0x08005fc9    0xfa  Code  Gb  vv_config.o [1]
vv_load_calib_table     0x080060c3    0x6e  Code  Gb  vv_config.o [1]
vv_pa_en_pwr            0x08006385    0x4a  Code  Gb  vv_pa.o [1]
vv_pa_gpio_init_flg     0x200030cb     0x1  Data  Lc  vv_pa.o [1]
vv_pa_init_gpio         0x08006319    0x6c  Code  Lc  vv_pa.o [1]
vv_pa_write_gain        0x080063cf    0xb0  Code  Gb  vv_pa.o [1]
vv_pll_get_common_divisor
                        0x08006b21    0x12  Code  Lc  vv_pll.o [1]
vv_pll_get_reg_by_freq  0x08006ca7   0x1ea  Code  Lc  vv_pll.o [1]
vv_pll_gpio_init_flg    0x200030cc     0x1  Data  Lc  vv_pll.o [1]
vv_pll_init_gpio        0x08006b6f    0x7a  Code  Lc  vv_pll.o [1]
vv_pll_reduction        0x08006b33    0x28  Code  Lc  vv_pll.o [1]
vv_pll_set_all_reg_and_wait_lock
                        0x08006c67    0x40  Code  Lc  vv_pll.o [1]
vv_pll_set_freq         0x08006ec5    0x22  Code  Gb  vv_pll.o [1]
vv_pll_spi_send_byte    0x08006b5b    0x14  Code  Lc  vv_pll.o [1]
vv_pll_sw_cs            0x08006be9    0x24  Code  Lc  vv_pll.o [1]
vv_pll_write_1_reg      0x08006c0d    0x40  Code  Lc  vv_pll.o [1]
vv_pll_write_all_reg    0x08006c4d    0x1a  Code  Lc  vv_pll.o [1]
vv_print_calib_table    0x08006131    0x2e  Code  Gb  vv_config.o [1]
vv_pwr_init_pwr_ctrl    0x08007ec1    0x48  Code  Gb  vv_pwr.o [1]
vv_read_calib_byte      0x08005f75     0x6  Code  Lc  vv_config.o [1]
vv_set_calib_point      0x08005fb5    0x10  Code  Gb  vv_config.o [1]
vv_stm8_do_ezat         0x08003a31    0x56  Code  Gb  vv_ezat.o [1]
vv_stm8_exec_cmd        0x080039c9    0x68  Code  Lc  vv_ezat.o [1]
vv_task_ezat_top        0x08003963    0x2c  Code  Gb  vv_ezat.o [1]
vv_task_freq_top        0x080064c1     0xe  Code  Gb  vv_freq.o [1]
vv_write_calib_byte     0x08005f7b    0x3a  Code  Lc  vv_config.o [1]
xBlockAllocatedBit      0x2000039c     0x4  Data  Lc  heap_4.o [1]
xDelayedTaskList1       0x200001f4    0x14  Data  Lc  tasks.o [1]
xDelayedTaskList2       0x20000208    0x14  Data  Lc  tasks.o [1]
xFreeBytesRemaining     0x20000394     0x4  Data  Lc  heap_4.o [1]
xMinimumEverFreeBytesRemaining
                        0x20000398     0x4  Data  Lc  heap_4.o [1]
xNextTaskUnblockTime    0x200001ec     0x4  Data  Lc  tasks.o [1]
xNumOfOverflows         0x200001e4     0x4  Data  Lc  tasks.o [1]
xPendingReadyList       0x20000180    0x14  Data  Lc  tasks.o [1]
xPortStartScheduler     0x08005225    0x6a  Code  Gb  port.o [1]
xPortSysTickHandler     0x080052ef    0x20  Code  Gb  port.o [1]
xQueueCreateCountingSemaphore
                        0x08004a0d    0x30  Code  Gb  queue.o [1]
xQueueGenericCreate     0x080049a3    0x6a  Code  Gb  queue.o [1]
xQueueGenericReceive    0x08004ca1   0x14e  Code  Gb  queue.o [1]
xQueueGenericReset      0x08004931    0x72  Code  Gb  queue.o [1]
xQueueGenericSend       0x08004a3d   0x134  Code  Gb  queue.o [1]
xQueueGenericSendFromISR
                        0x08004b71    0xa6  Code  Gb  queue.o [1]
xQueueGiveFromISR       0x08004c17    0x8a  Code  Gb  queue.o [1]
xQueueReceiveFromISR    0x08004def    0x84  Code  Gb  queue.o [1]
xSchedulerRunning       0x200001d8     0x4  Data  Lc  tasks.o [1]
xStart                  0x20000388     0x8  Data  Lc  heap_4.o [1]
xSuspendedTaskList      0x200001b8    0x14  Data  Lc  tasks.o [1]
xTaskCheckForTimeOut    0x080045d7    0x62  Code  Gb  tasks.o [1]
xTaskGenericCreate      0x0800419d    0xf4  Code  Gb  tasks.o [1]
xTaskGetSchedulerState  0x080047ed    0x1c  Code  Gb  tasks.o [1]
xTaskIncrementTick      0x080043e3    0xc8  Code  Gb  tasks.o [1]
xTaskPriorityDisinherit
                        0x08004883    0x7e  Code  Gb  tasks.o [1]
xTaskRemoveFromEventList
                        0x08004555    0x68  Code  Gb  tasks.o [1]
xTaskResumeAll          0x0800433f    0xa4  Code  Gb  tasks.o [1]
xTasksWaitingTermination
                        0x20000194    0x14  Data  Lc  tasks.o [1]
xTickCount              0x200001d0     0x4  Data  Lc  tasks.o [1]
xYieldPending           0x200001e0     0x4  Data  Lc  tasks.o [1]


[1] = D:\Projectsrc\cube_152\iar\l152\EWARM\l152 Configuration\Obj
[2] = command line
[3] = dl7M_tlf.a
[4] = m7M_tl.a
[5] = rt7M_tl.a
[6] = shb_l.a

  33 240 bytes of readonly  code memory
     334 bytes of readonly  data memory
  14 029 bytes of readwrite data memory

Errors: none
Warnings: none
